// Jest Snapshot v1, https://goo.gl/fbAQLP

exports[`Dropdown.vue Renders correctly 1`] = `
<label
  class="block"
>
  <span
    class="ml-1 text-neutral-700 text-sm"
  />
  <select
    class="
        block
        mr-4
        py-2
        pl-4
        w-48
        min-w-0
        border-2 border-neutral-40 border-opacity-25
        text-neutral-700 text-sm
        rounded
        bg-neutral-20
        focus:border-white focus:outline-none
      "
  >
    
    <option
      class="rounded py-2 px-4 bg-neutral-20 h-9"
    >
      5
    </option>
    <option
      class="rounded py-2 px-4 bg-neutral-20 h-9"
    >
      10
    </option>
    <option
      class="rounded py-2 px-4 bg-neutral-20 h-9"
    >
      15
    </option>
    <option
      class="rounded py-2 px-4 bg-neutral-20 h-9"
    >
      20
    </option>
    
  </select>
</label>
`;
