// Jest Snapshot v1, https://goo.gl/fbAQLP

exports[`Dropdown.vue Renders correctly 1`] = `
<label
  class="block"
>
  <span
    class="ml-1 text-neutral-700 text-sm"
  />
  <select>
    
    <option>
      5
    </option>
    <option>
      10
    </option>
    <option>
      15
    </option>
    <option>
      20
    </option>
    
  </select>
</label>
`;
