// Jest Snapshot v1, https://goo.gl/fbAQLP

exports[`InputField.vue Renders correctly 1`] = `
<label
  class="block my-2"
>
  <span
    class="ml-1 text-neutral-700 text-sm"
  >
    search
  </span>
  <div
    class="flex flex-row bg-neutral-20 border border-neutral-30 rounded mr-4"
  >
    <unicon
      class="h-full pl-2 text-neutral-700"
      name="search-glass"
    />
    <input
      class="py-2
          pl-4
          w-48
          min-w-0
          bg-neutral-20
          text-neutral-700 text-sm
          focus:outline-none"
      placeholder="Search Asset Library..."
      search="asset"
      type="text"
    />
  </div>
</label>
`;
