// Jest Snapshot v1, https://goo.gl/fbAQLP

exports[`InputField.vue Renders correctly 1`] = `
<label
  class="block my-2"
>
  <span
    class="ml-1 text-neutral-700 text-sm"
  >
    search
  </span>
  <div
    class="flex flex-row bg-neutral-20 border border-neutral-30 rounded"
  >
    <!--v-if-->
    <input
      class="bg-neutral-0 py-2 pl-4  w-full rounded min-w-48 text-neutral-700 text-sm focus:outline-none"
      name=""
      placeholder="Search Asset Library..."
      search="asset"
      type="text"
    />
  </div>
</label>
`;
